
>> 搜索 [阳升洁煤运销] （晋能阳升洁煤系列采购）
   命中 0 条，其中新 0 条

>> 搜索 [红四煤矿] （宝丰红四煤矿煤矸分离）
   命中 1 条，其中新 0 条

>> 搜索 [汾西正善] （汾西正善智能干选改造）
   命中 0 条，其中新 0 条

>> 搜索 [金腾公司] （金鼎金腾易损备件）
   命中 0 条，其中新 0 条

>> 搜索 [金鼎公司 智能干选] （金鼎金腾易损备件）
   命中 0 条，其中新 0 条

>> 搜索 [智能干选初步设计] （阜阳矿业选煤厂初设）
   命中 0 条，其中新 0 条

>> 搜索 [土城矿 智能干选] （盘江土城矿）
   命中 0 条，其中新 0 条

>> 搜索 [金佳矿 干选] （盘江金佳矿配件）
   命中 0 条，其中新 0 条

>> 搜索 [党家河] （鹤壁党家河TDS施工）
   命中 33 条，其中新 0 条

>> 搜索 [汪家寨] （达旺汪家寨新建干选）
   命中 37 条，其中新 7 条
   + [已中标] 钟山区汪家寨镇煤矸石填沟造地综合利用项目（I标段）工程结果公告 | 2026-07-03
     ★ 金额: 2008.16万元
   + [中标候选人] 钟山区汪家寨镇煤矸石填沟造地综合利用项目（I标段）工程-中标候选人公示 | 2026-06-22
     ★ 金额: 1044.64万元
   + [招标公告] 钟山区汪家寨镇煤矸石填沟造地综合利用项目（I标段）工程-开标记录 | 2026-06-09
   + [招标公告] 钟山区汪家寨镇煤矸石填沟造地综合利用项目（I标段）工程第二次变更公告 | 2026-05-21
     ★ 金额: 2500万元
   + [招标公告] 钟山区汪家寨镇煤矸石填沟造地综合利用项目（I标段）工程第一次变更公告 | 2026-05-14
   + [招标公告] 钟山区汪家寨镇煤矸石填沟造地综合利用项目（I标段）工程招标文件 | 2026-04-27
   + [招标公告] 钟山区汪家寨镇煤矸石填沟造地综合利用项目（I标段）工程招标公告招标公告 | 2026-04-27
     ★ 金额: 2051.27万元

>> 搜索 [漳村煤矿 干选] （潞安漳村维保）
   命中 0 条，其中新 0 条

>> 搜索 [屯宝煤矿] （新疆能源屯宝配件）
   命中 4 条，其中新 0 条

>> 搜索 [榆树岭煤矿] （豫能榆树岭配件年采）
   命中 0 条，其中新 0 条

>> 搜索 [准能 干选机] （准能配件集采）
   命中 0 条，其中新 0 条

>> 搜索 [玲珑 分选机] （山东黄金玲珑光电分选）
   命中 0 条，其中新 0 条

>> 搜索 [光电智能分选机] （山东黄金玲珑光电分选）
   命中 1 条，其中新 0 条

>> 搜索 [铁煤集团 智能选矸] （铁煤98批集采）
   命中 0 条，其中新 0 条

>> 搜索 [智能选矸系统 集成供液] （铁煤98批集采）
   命中 0 条，其中新 0 条

>> 搜索 [坑下干选] （胜利能源坑下干选移设）
   命中 0 条，其中新 0 条

>> 搜索 [胜利能源 干选] （胜利能源坑下干选移设）
   命中 0 条，其中新 0 条

>> 搜索 [大南湖一矿] （国源大南湖一矿干选建设）
   命中 36 条，其中新 0 条

>> 搜索 [块煤智能干选技术与装备] （中煤科工华宇实验室）
   命中 1 条，其中新 0 条

>> 搜索 [中富矿业] （新疆中富干选机采购）
   命中 20 条，其中新 0 条

>> 搜索 [并联机器人 选矸] （西安科大并联机器人）
   命中 0 条，其中新 0 条

>> 搜索 [红会第一煤矿] （靖煤红会一矿PC总包）
   命中 4 条，其中新 0 条

>> 搜索 [美腾 配件] （淮北美腾主机配件）
   命中 0 条，其中新 0 条

>> 搜索 [山寨煤矿 干选] （华亭山寨末煤干选租赁）
   命中 0 条，其中新 0 条

>> 搜索 [陈家沟 干选机] （华能陈家沟配件集采）
   命中 0 条，其中新 0 条

==== 深挖完成 ====
新增公告: 7 条 -> flat 共 82 条
带金额的新公告: 4 条
  2008.16万元    达旺汪家寨新建干选 | 钟山区汪家寨镇煤矸石填沟造地综合利用项目（I标段）工程结果公告
  1044.64万元    达旺汪家寨新建干选 | 钟山区汪家寨镇煤矸石填沟造地综合利用项目（I标段）工程-中标候选人公示
  2500万元       达旺汪家寨新建干选 | 钟山区汪家寨镇煤矸石填沟造地综合利用项目（I标段）工程第二次变更公告
  2051.27万元    达旺汪家寨新建干选 | 钟山区汪家寨镇煤矸石填沟造地综合利用项目（I标段）工程招标公告招标公告
